part 1
When m = 2,4,10,20:
heart:70 71 75 76/103
diabetes:68 69 69 73/100
tictactoe: 407 411 381 358/479

part 2
heart: 68.9% at 100% of the instances
diabetes: 69% at 100% of the instances

part 3
heart: 67.96%, 69.9% 72.82% 73.79%
diabetes: 68% 69% 69% 73%
